Microchip MPLAB XC8 Compiler V1.30 ()

Linker command line:

--edf=/Applications/microchip/xc8/v1.30/dat/en_msgs.txt -cs \
  -h+dist/default/production/wp8_rgb.X.production.sym \
  --cmf=dist/default/production/wp8_rgb.X.production.cmf -z -Q12F1572 \
  -o/tmp/cgtm8JuHA -Mdist/default/production/wp8_rgb.X.production.map -E1 \
  -ver=XC8 -ASTACK=0200Ch-020efh -pstack=STACK -ACONST=00h-0FFhx8 \
  -ACODE=00h-07FFh -ASTRCODE=00h-07FFh -AENTRY=00h-0FFhx8 \
  -ASTRING=00h-0FFhx8 -ACOMMON=070h-07Fh -ABANK0=020h-06Fh \
  -ABANK1=0A0h-0EFh -ABANK2=0120h-016Fh -ABIGRAM=02000h-020EFh \
  -ARAM=020h-06Fh,0A0h-0EFh,0120h-016Fh \
  -AABS1=020h-07Fh,0A0h-0EFh,0120h-016Fh -ASFR0=00h-01Fh -ASFR1=080h-09Fh \
  -ASFR2=0100h-011Fh -ASFR3=0180h-01EFh -ASFR4=0200h-026Fh \
  -ASFR5=0280h-02EFh -ASFR6=0300h-036Fh -ASFR7=0380h-03EFh \
  -ASFR8=0400h-046Fh -ASFR9=0480h-04EFh -ASFR10=0500h-056Fh \
  -ASFR11=0580h-05EFh -ASFR12=0600h-066Fh -ASFR13=0680h-06EFh \
  -ASFR14=0700h-076Fh -ASFR15=0780h-07EFh -ASFR16=0800h-086Fh \
  -ASFR17=0880h-08EFh -ASFR18=0900h-096Fh -ASFR19=0980h-09EFh \
  -ASFR20=0A00h-0A6Fh -ASFR21=0A80h-0AEFh -ASFR22=0B00h-0B6Fh \
  -ASFR23=0B80h-0BEFh -ASFR24=0C00h-0C6Fh -ASFR25=0C80h-0CEFh \
  -ASFR26=0D00h-0D6Fh -ASFR27=0D80h-0DEFh -ASFR28=0E00h-0E6Fh \
  -ASFR29=0E80h-0EEFh -ASFR30=0F00h-0F6Fh -ASFR31=0F80h-0FEFh \
  -preset_vec=00h,intentry=04h,init,end_init -ppowerup=CODE -pcinit=CODE \
  -pfunctab=CODE -ACONFIG=08007h-08008h -pconfig=CONFIG -DCONFIG=2 \
  -AIDLOC=08000h-08003h -pidloc=IDLOC -DIDLOC=2 -DCODE=2 -DSTRCODE=2 \
  -DSTRING=2 -DCONST=2 -DENTRY=2 -k /tmp/cgtg60w2j.obj \
  dist/default/production/wp8_rgb.X.production.obj 

Object code version is 3.11

Machine type is 12F1572



                Name                               Link     Load   Length Selector   Space Scale
/tmp/cgtg60w2j.obj
                end_init                             1A       1A        1        8       0
                reset_vec                             0        0        1        0       0
                config                             8007     8007        2    1000E       0
dist/default/production/wp8_rgb.X.production.obj
                cinit                                1B       1B        E        8       0
                intentry                              4        4       16        8       0
                text15                               E5       E5       1D        8       0
                text14                              14B      14B        7        8       0
                text13                              144      144        7        8       0
                text12                              13D      13D        7        8       0
                text11                               29       29       3F        8       0
                text10                               A0       A0       27        8       0
                text8                               157      157        5        8       0
                text7                               133      133        A        8       0
                text6                                68       68       38        8       0
                text5                               102      102       13        8       0
                text4                               152      152        5        8       0
                text3                               129      129        A        8       0
                text2                               11F      11F        A        8       0
                text1                               115      115        A        8       0
                maintext                             C7       C7       1E        8       0
                cstackBANK0                          2A       2A        2       20       1
                cstackCOMMON                         70       70        A       70       1
                bssBANK0                             20       20        A       20       1
                bssCOMMON                            7A       7A        2       70       1

TOTAL           Name                               Link     Load   Length     Space
        CLASS   STACK          

        CLASS   CONST          

        CLASS   CODE           
                end_init                             1A       1A        1         0
                cinit                                1B       1B        E         0
                intentry                              4        4       16         0
                reset_vec                             0        0        1         0
                text15                               E5       E5       1D         0
                text14                              14B      14B        7         0
                text13                              144      144        7         0
                text12                              13D      13D        7         0
                text11                               29       29       3F         0
                text10                               A0       A0       27         0
                text8                               157      157        5         0
                text7                               133      133        A         0
                text6                                68       68       38         0
                text5                               102      102       13         0
                text4                               152      152        5         0
                text3                               129      129        A         0
                text2                               11F      11F        A         0
                text1                               115      115        A         0
                maintext                             C7       C7       1E         0

        CLASS   STRCODE        

        CLASS   ENTRY          

        CLASS   STRING         

        CLASS   COMMON         
                cstackCOMMON                         70       70        A         1
                bssCOMMON                            7A       7A        2         1

        CLASS   BANK0          
                cstackBANK0                          2A       2A        2         1
                bssBANK0                             20       20        A         1

        CLASS   BANK1          

        CLASS   BANK2          

        CLASS   BIGRAM         

        CLASS   RAM            

        CLASS   ABS1           
                abs_s1                               7E       7E        2         1

        CLASS   SFR0           

        CLASS   SFR1           

        CLASS   SFR2           

        CLASS   SFR3           

        CLASS   SFR4           

        CLASS   SFR5           

        CLASS   SFR6           

        CLASS   SFR7           

        CLASS   SFR8           

        CLASS   SFR9           

        CLASS   SFR10          

        CLASS   SFR11          

        CLASS   SFR12          

        CLASS   SFR13          

        CLASS   SFR14          

        CLASS   SFR15          

        CLASS   SFR16          

        CLASS   SFR17          

        CLASS   SFR18          

        CLASS   SFR19          

        CLASS   SFR20          

        CLASS   SFR21          

        CLASS   SFR22          

        CLASS   SFR23          

        CLASS   SFR24          

        CLASS   SFR25          

        CLASS   SFR26          

        CLASS   SFR27          

        CLASS   SFR28          

        CLASS   SFR29          

        CLASS   SFR30          

        CLASS   SFR31          

        CLASS   CONFIG         
                config                             8007     8007        2         0

        CLASS   IDLOC          

        CLASS   BANK31         

        CLASS   BANK30         

        CLASS   BANK29         

        CLASS   BANK28         

        CLASS   BANK27         

        CLASS   BANK26         

        CLASS   BANK25         

        CLASS   BANK24         

        CLASS   BANK23         

        CLASS   BANK22         

        CLASS   BANK21         

        CLASS   BANK20         

        CLASS   BANK19         

        CLASS   BANK18         

        CLASS   BANK17         

        CLASS   BANK16         

        CLASS   BANK15         

        CLASS   BANK14         

        CLASS   BANK13         

        CLASS   BANK12         

        CLASS   BANK11         

        CLASS   BANK10         

        CLASS   BANK9          

        CLASS   BANK8          

        CLASS   BANK7          

        CLASS   BANK6          

        CLASS   BANK5          

        CLASS   BANK4          

        CLASS   BANK3          

        CLASS   EEDATA         



SEGMENTS        Name                           Load    Length   Top    Selector   Space  Class     Delta

                reset_vec                      000000  000001  000001         0       0  CODE        2
                intentry                       000004  000158  00015C         8       0  CODE        2
                bssBANK0                       000020  00000C  00002C        20       1  BANK0       1
                cstackCOMMON                   000070  00000C  00007C        70       1  COMMON      1
                config                         008007  000002  008009     1000E       0  CONFIG      2


UNUSED ADDRESS RANGES

        Name                Unused          Largest block    Delta
        BANK0            0002C-0006F              44           1
        BANK1            000A0-000EF              50           1
        BANK2            00120-0016F              50           1
        BIGRAM           02000-020EF              F0           1
        CODE             00001-00003               3           2
                         0015C-007FF             6A4
        COMMON           0007C-0007D               2           1
        CONST            00001-00003               3           2
                         0015C-007FF             100
        ENTRY            00001-00003               3           2
                         0015C-007FF             100
        IDLOC            08000-08003               4           2
        RAM              0002C-0006F              44           1
                         000A0-000EF              50
                         00120-0016F              50
        SFR0             00000-0001F              20           1
        SFR1             00080-0009F              20           1
        SFR10            00500-0056F              70           1
        SFR11            00580-005EF              70           1
        SFR12            00600-0066F              70           1
        SFR13            00680-006EF              70           1
        SFR14            00700-0076F              70           1
        SFR15            00780-007EF              70           1
        SFR16            00800-0086F              70           1
        SFR17            00880-008EF              70           1
        SFR18            00900-0096F              70           1
        SFR19            00980-009EF              70           1
        SFR2             00100-0011F              20           1
        SFR20            00A00-00A6F              70           1
        SFR21            00A80-00AEF              70           1
        SFR22            00B00-00B6F              70           1
        SFR23            00B80-00BEF              70           1
        SFR24            00C00-00C6F              70           1
        SFR25            00C80-00CEF              70           1
        SFR26            00D00-00D6F              70           1
        SFR27            00D80-00DEF              70           1
        SFR28            00E00-00E6F              70           1
        SFR29            00E80-00EEF              70           1
        SFR3             00180-001EF              70           1
        SFR30            00F00-00F6F              70           1
        SFR31            00F80-00FEF              70           1
        SFR4             00200-0026F              70           1
        SFR5             00280-002EF              70           1
        SFR6             00300-0036F              70           1
        SFR7             00380-003EF              70           1
        SFR8             00400-0046F              70           1
        SFR9             00480-004EF              70           1
        STACK            0200C-020EF              E4           1
        STRCODE          00001-00003               3           2
                         0015C-007FF             6A4
        STRING           00001-00003               3           2
                         0015C-007FF             100

                                  Symbol Table

?___wmul                      cstackCOMMON 00070
_ANSELA                       (abs)        0018C
_APFCONbits                   (abs)        0011D
_BAUDCONbits                  (abs)        0019F
_INTCONbits                   (abs)        0000B
_InterruptHandlerLow          intentry     00004
_LATA                         (abs)        0010C
_OSCCON                       (abs)        00099
_PIE1bits                     (abs)        00091
_PIR1bits                     (abs)        00011
_PWM1CLKCONbits               (abs)        00D9E
_PWM1CONbits                  (abs)        00D9B
_PWM1DCH                      (abs)        00D94
_PWM1DCL                      (abs)        00D93
_PWM1LD                       (abs)        06CFF
_PWM1PHH                      (abs)        00D92
_PWM1PHL                      (abs)        00D91
_PWM1PRH                      (abs)        00D96
_PWM1PRL                      (abs)        00D95
_PWM2CLKCONbits               (abs)        00DAE
_PWM2CONbits                  (abs)        00DAB
_PWM2DCH                      (abs)        00DA4
_PWM2DCL                      (abs)        00DA3
_PWM2LD                       (abs)        06D7F
_PWM2PHH                      (abs)        00DA2
_PWM2PHL                      (abs)        00DA1
_PWM2PRH                      (abs)        00DA6
_PWM2PRL                      (abs)        00DA5
_PWM3CLKCONbits               (abs)        00DBE
_PWM3CONbits                  (abs)        00DBB
_PWM3DCH                      (abs)        00DB4
_PWM3DCL                      (abs)        00DB3
_PWM3LD                       (abs)        06DFF
_PWM3PHH                      (abs)        00DB2
_PWM3PHL                      (abs)        00DB1
_PWM3PRH                      (abs)        00DB6
_PWM3PRL                      (abs)        00DB5
_RCREGbits                    (abs)        00199
_RCSTAbits                    (abs)        0019D
_SPBRGH                       (abs)        0019C
_SPBRGL                       (abs)        0019B
_TRISA                        (abs)        0008C
_TRISAbits                    (abs)        0008C
_TXIF                         (abs)        0008C
_TXREG                        (abs)        0019A
_TXSTAbits                    (abs)        0019E
__CFG_BOREN$OFF               (abs)        00000
__CFG_BORV$LO                 (abs)        00000
__CFG_CLKOUTEN$OFF            (abs)        00000
__CFG_CP$OFF                  (abs)        00000
__CFG_FOSC$INTOSC             (abs)        00000
__CFG_LPBOREN$OFF             (abs)        00000
__CFG_LVP$ON                  (abs)        00000
__CFG_MCLRE$OFF               (abs)        00000
__CFG_PLLEN$OFF               (abs)        00000
__CFG_PWRTE$OFF               (abs)        00000
__CFG_STVREN$ON               (abs)        00000
__CFG_WDTE$OFF                (abs)        00000
__CFG_WRT$OFF                 (abs)        00000
__Habs1                       abs1         00000
__Hbank0                      bank0        00000
__Hbank1                      bank1        00000
__Hbank10                     bank10       00000
__Hbank11                     bank11       00000
__Hbank12                     bank12       00000
__Hbank13                     bank13       00000
__Hbank14                     bank14       00000
__Hbank15                     bank15       00000
__Hbank16                     bank16       00000
__Hbank17                     bank17       00000
__Hbank18                     bank18       00000
__Hbank19                     bank19       00000
__Hbank2                      bank2        00000
__Hbank20                     bank20       00000
__Hbank21                     bank21       00000
__Hbank22                     bank22       00000
__Hbank23                     bank23       00000
__Hbank24                     bank24       00000
__Hbank25                     bank25       00000
__Hbank26                     bank26       00000
__Hbank27                     bank27       00000
__Hbank28                     bank28       00000
__Hbank29                     bank29       00000
__Hbank3                      bank3        00000
__Hbank30                     bank30       00000
__Hbank31                     bank31       00000
__Hbank4                      bank4        00000
__Hbank5                      bank5        00000
__Hbank6                      bank6        00000
__Hbank7                      bank7        00000
__Hbank8                      bank8        00000
__Hbank9                      bank9        00000
__Hbigram                     bigram       00000
__HbssBANK0                   bssBANK0     00000
__HbssCOMMON                  bssCOMMON    00000
__Hcinit                      cinit        00029
__Hclrtext                    clrtext      00000
__Hcode                       code         00000
__Hcommon                     common       00000
__Hconfig                     config       08009
__HcstackBANK0                cstackBANK0  00000
__HcstackCOMMON               cstackCOMMON 00000
__Heeprom_data                eeprom_data  00000
__Hend_init                   end_init     0001B
__Hfunctab                    functab      00000
__Hidloc                      idloc        00000
__Hinit                       init         0001A
__Hintentry                   intentry     0001A
__Hmaintext                   maintext     00000
__Hpowerup                    powerup      00000
__Hram                        ram          00000
__Hreset_vec                  reset_vec    00001
__Hsfr0                       sfr0         00000
__Hsfr1                       sfr1         00000
__Hsfr10                      sfr10        00000
__Hsfr11                      sfr11        00000
__Hsfr12                      sfr12        00000
__Hsfr13                      sfr13        00000
__Hsfr14                      sfr14        00000
__Hsfr15                      sfr15        00000
__Hsfr16                      sfr16        00000
__Hsfr17                      sfr17        00000
__Hsfr18                      sfr18        00000
__Hsfr19                      sfr19        00000
__Hsfr2                       sfr2         00000
__Hsfr20                      sfr20        00000
__Hsfr21                      sfr21        00000
__Hsfr22                      sfr22        00000
__Hsfr23                      sfr23        00000
__Hsfr24                      sfr24        00000
__Hsfr25                      sfr25        00000
__Hsfr26                      sfr26        00000
__Hsfr27                      sfr27        00000
__Hsfr28                      sfr28        00000
__Hsfr29                      sfr29        00000
__Hsfr3                       sfr3         00000
__Hsfr30                      sfr30        00000
__Hsfr31                      sfr31        00000
__Hsfr4                       sfr4         00000
__Hsfr5                       sfr5         00000
__Hsfr6                       sfr6         00000
__Hsfr7                       sfr7         00000
__Hsfr8                       sfr8         00000
__Hsfr9                       sfr9         00000
__Hstack                      stack        00000
__Hstrings                    strings      00000
__Htext                       text         00000
__Labs1                       abs1         00000
__Lbank0                      bank0        00000
__Lbank1                      bank1        00000
__Lbank10                     bank10       00000
__Lbank11                     bank11       00000
__Lbank12                     bank12       00000
__Lbank13                     bank13       00000
__Lbank14                     bank14       00000
__Lbank15                     bank15       00000
__Lbank16                     bank16       00000
__Lbank17                     bank17       00000
__Lbank18                     bank18       00000
__Lbank19                     bank19       00000
__Lbank2                      bank2        00000
__Lbank20                     bank20       00000
__Lbank21                     bank21       00000
__Lbank22                     bank22       00000
__Lbank23                     bank23       00000
__Lbank24                     bank24       00000
__Lbank25                     bank25       00000
__Lbank26                     bank26       00000
__Lbank27                     bank27       00000
__Lbank28                     bank28       00000
__Lbank29                     bank29       00000
__Lbank3                      bank3        00000
__Lbank30                     bank30       00000
__Lbank31                     bank31       00000
__Lbank4                      bank4        00000
__Lbank5                      bank5        00000
__Lbank6                      bank6        00000
__Lbank7                      bank7        00000
__Lbank8                      bank8        00000
__Lbank9                      bank9        00000
__Lbigram                     bigram       00000
__LbssBANK0                   bssBANK0     00000
__LbssCOMMON                  bssCOMMON    00000
__Lcinit                      cinit        0001B
__Lclrtext                    clrtext      00000
__Lcode                       code         00000
__Lcommon                     common       00000
__Lconfig                     config       08007
__LcstackBANK0                cstackBANK0  00000
__LcstackCOMMON               cstackCOMMON 00000
__Leeprom_data                eeprom_data  00000
__Lend_init                   end_init     0001A
__Lfunctab                    functab      00000
__Lidloc                      idloc        00000
__Linit                       init         0001A
__Lintentry                   intentry     00004
__Lmaintext                   maintext     00000
__Lpowerup                    powerup      00000
__Lram                        ram          00000
__Lreset_vec                  reset_vec    00000
__Lsfr0                       sfr0         00000
__Lsfr1                       sfr1         00000
__Lsfr10                      sfr10        00000
__Lsfr11                      sfr11        00000
__Lsfr12                      sfr12        00000
__Lsfr13                      sfr13        00000
__Lsfr14                      sfr14        00000
__Lsfr15                      sfr15        00000
__Lsfr16                      sfr16        00000
__Lsfr17                      sfr17        00000
__Lsfr18                      sfr18        00000
__Lsfr19                      sfr19        00000
__Lsfr2                       sfr2         00000
__Lsfr20                      sfr20        00000
__Lsfr21                      sfr21        00000
__Lsfr22                      sfr22        00000
__Lsfr23                      sfr23        00000
__Lsfr24                      sfr24        00000
__Lsfr25                      sfr25        00000
__Lsfr26                      sfr26        00000
__Lsfr27                      sfr27        00000
__Lsfr28                      sfr28        00000
__Lsfr29                      sfr29        00000
__Lsfr3                       sfr3         00000
__Lsfr30                      sfr30        00000
__Lsfr31                      sfr31        00000
__Lsfr4                       sfr4         00000
__Lsfr5                       sfr5         00000
__Lsfr6                       sfr6         00000
__Lsfr7                       sfr7         00000
__Lsfr8                       sfr8         00000
__Lsfr9                       sfr9         00000
__Lstack                      stack        00000
__Lstrings                    strings      00000
__Ltext                       text         00000
__S0                          (abs)        08009
__S1                          (abs)        0007C
__S2                          (abs)        00000
___int_sp                     stack        00000
___latbits                    (abs)        00000
___sp                         stack        00000
___wmul                       text15       000E5
___wmul@multiplicand          cstackCOMMON 00072
___wmul@multiplier            cstackCOMMON 00070
___wmul@product               cstackCOMMON 00074
__end_of_InterruptHandlerLow  intentry     0001A
__end_of___wmul               text15       00102
__end_of__initialization      cinit        00027
__end_of_close_PWM            text8        0015C
__end_of_get_message          text10       000C7
__end_of_init                 text7        0013D
__end_of_init_pwm             text6        000A0
__end_of_init_uart            text5        00115
__end_of_main                 maintext     000E5
__end_of_open_PWM             text4        00157
__end_of_set_color            text11       00068
__end_of_set_pwmBLUE          text3        00133
__end_of_set_pwmGREEN         text2        00129
__end_of_set_pwmRED           text1        0011F
__end_ofi1_set_pwmBLUE        text14       00152
__end_ofi1_set_pwmGREEN       text13       0014B
__end_ofi1_set_pwmRED         text12       00144
__initialization              cinit        0001B
__pbssBANK0                   bssBANK0     00020
__pbssCOMMON                  bssCOMMON    0007A
__pcstackBANK0                cstackBANK0  0002A
__pcstackCOMMON               cstackCOMMON 00070
__pintentry                   intentry     00004
__pmaintext                   maintext     000C7
__ptext0                      text0        00000
__ptext1                      text1        00115
__ptext10                     text10       000A0
__ptext11                     text11       00029
__ptext12                     text12       0013D
__ptext13                     text13       00144
__ptext14                     text14       0014B
__ptext15                     text15       000E5
__ptext2                      text2        0011F
__ptext3                      text3        00129
__ptext4                      text4        00152
__ptext5                      text5        00102
__ptext6                      text6        00068
__ptext7                      text7        00133
__ptext8                      text8        00157
__size_of_InterruptHandlerLow (abs)        00000
__size_of___wmul              (abs)        00000
__size_of_close_PWM           (abs)        00000
__size_of_get_message         (abs)        00000
__size_of_init                (abs)        00000
__size_of_init_pwm            (abs)        00000
__size_of_init_uart           (abs)        00000
__size_of_main                (abs)        00000
__size_of_open_PWM            (abs)        00000
__size_of_set_color           (abs)        00000
__size_of_set_pwmBLUE         (abs)        00000
__size_of_set_pwmGREEN        (abs)        00000
__size_of_set_pwmRED          (abs)        00000
__size_ofi1_set_pwmBLUE       (abs)        00000
__size_ofi1_set_pwmGREEN      (abs)        00000
__size_ofi1_set_pwmRED        (abs)        00000
_cUART_char                   bssCOMMON    0007A
_cUART_data_count             bssCOMMON    0007B
_cUART_data_message           bssBANK0     00020
_close_PWM                    text8        00157
_get_message                  text10       000A0
_init                         text7        00133
_init_pwm                     text6        00068
_init_uart                    text5        00102
_main                         maintext     000C7
_open_PWM                     text4        00152
_set_color                    text11       00029
_set_pwmBLUE                  text3        00129
_set_pwmGREEN                 text2        0011F
_set_pwmRED                   text1        00115
btemp                         (abs)        0007E
end_of_initialization         cinit        00027
i1_set_pwmBLUE                text14       0014B
i1_set_pwmGREEN               text13       00144
i1_set_pwmRED                 text12       0013D
i1set_pwmBLUE@value           cstackCOMMON 00070
i1set_pwmGREEN@value          cstackCOMMON 00070
i1set_pwmRED@value            cstackCOMMON 00070
intlevel0                     functab      00000
intlevel1                     functab      00000
intlevel2                     functab      00000
intlevel3                     functab      00000
intlevel4                     functab      00000
intlevel5                     functab      00000
ltemp                         (abs)        0007E
ltemp0                        (abs)        0007E
ltemp1                        (abs)        00082
ltemp2                        (abs)        00086
ltemp3                        (abs)        00080
reset_vec                     reset_vec    00000
set_color@color               cstackCOMMON 00072
set_pwmBLUE@value             cstackBANK0  0002A
set_pwmGREEN@value            cstackBANK0  0002A
set_pwmRED@value              cstackBANK0  0002A
stackhi                       (abs)        020EF
stacklo                       (abs)        0200C
start                         init         0001A
start_initialization          cinit        0001B
ttemp                         (abs)        0007E
ttemp0                        (abs)        0007E
ttemp1                        (abs)        00081
ttemp2                        (abs)        00084
ttemp3                        (abs)        00087
ttemp4                        (abs)        0007F
wtemp                         (abs)        0007E
wtemp0                        (abs)        0007E
wtemp1                        (abs)        00080
wtemp2                        (abs)        00082
wtemp3                        (abs)        00084
wtemp4                        (abs)        00086
wtemp5                        (abs)        00088
wtemp6                        (abs)        0007F


FUNCTION INFORMATION:

 *************** function _main *****************
 Defined at:
		line 58 in file "main.c"
 Parameters:    Size  Location     Type
		None
 Auto vars:     Size  Location     Type
		None
 Return value:  Size  Location     Type
		None               void
 Registers used:
		wreg, status,2, status,0, pclath, cstack
 Tracked objects:
		On entry : 
		On exit  : 
		Unchanged: 
 Data sizes:     COMMON   BANK0   BANK1   BANK2
      Params:         0       0       0       0
      Locals:         0       0       0       0
      Temps:          0       0       0       0
      Totals:         0       0       0       0
Total ram usage:        0 bytes
 Hardware stack levels required when called:    5
 This function calls:
		_close_PWM
		_init
		_init_pwm
		_init_uart
		_open_PWM
		_set_pwmBLUE
		_set_pwmGREEN
		_set_pwmRED
 This function is called by:
		Startup code after reset
 This function uses a non-reentrant model


 *************** function _set_pwmRED *****************
 Defined at:
		line 73 in file "pwm.c"
 Parameters:    Size  Location     Type
  value           2    0[BANK0 ] unsigned int 
 Auto vars:     Size  Location     Type
		None
 Return value:  Size  Location     Type
		None               void
 Registers used:
		wreg, status,2
 Tracked objects:
		On entry : 
		On exit  : 
		Unchanged: 
 Data sizes:     COMMON   BANK0   BANK1   BANK2
      Params:         0       2       0       0
      Locals:         0       0       0       0
      Temps:          0       0       0       0
      Totals:         0       2       0       0
Total ram usage:        2 bytes
 Hardware stack levels used:    1
 Hardware stack levels required when called:    4
 This function calls:
		Nothing
 This function is called by:
		_main
 This function uses a non-reentrant model


 *************** function _set_pwmGREEN *****************
 Defined at:
		line 81 in file "pwm.c"
 Parameters:    Size  Location     Type
  value           2    0[BANK0 ] unsigned int 
 Auto vars:     Size  Location     Type
		None
 Return value:  Size  Location     Type
		None               void
 Registers used:
		wreg, status,2
 Tracked objects:
		On entry : 
		On exit  : 
		Unchanged: 
 Data sizes:     COMMON   BANK0   BANK1   BANK2
      Params:         0       2       0       0
      Locals:         0       0       0       0
      Temps:          0       0       0       0
      Totals:         0       2       0       0
Total ram usage:        2 bytes
 Hardware stack levels used:    1
 Hardware stack levels required when called:    4
 This function calls:
		Nothing
 This function is called by:
		_main
 This function uses a non-reentrant model


 *************** function _set_pwmBLUE *****************
 Defined at:
		line 90 in file "pwm.c"
 Parameters:    Size  Location     Type
  value           2    0[BANK0 ] unsigned int 
 Auto vars:     Size  Location     Type
		None
 Return value:  Size  Location     Type
		None               void
 Registers used:
		wreg, status,2
 Tracked objects:
		On entry : 
		On exit  : 
		Unchanged: 
 Data sizes:     COMMON   BANK0   BANK1   BANK2
      Params:         0       2       0       0
      Locals:         0       0       0       0
      Temps:          0       0       0       0
      Totals:         0       2       0       0
Total ram usage:        2 bytes
 Hardware stack levels used:    1
 Hardware stack levels required when called:    4
 This function calls:
		Nothing
 This function is called by:
		_main
 This function uses a non-reentrant model


 *************** function _open_PWM *****************
 Defined at:
		line 67 in file "pwm.c"
 Parameters:    Size  Location     Type
		None
 Auto vars:     Size  Location     Type
		None
 Return value:  Size  Location     Type
		None               void
 Registers used:
		None
 Tracked objects:
		On entry : 
		On exit  : 
		Unchanged: 
 Data sizes:     COMMON   BANK0   BANK1   BANK2
      Params:         0       0       0       0
      Locals:         0       0       0       0
      Temps:          0       0       0       0
      Totals:         0       0       0       0
Total ram usage:        0 bytes
 Hardware stack levels used:    1
 Hardware stack levels required when called:    4
 This function calls:
		Nothing
 This function is called by:
		_main
 This function uses a non-reentrant model


 *************** function _init_uart *****************
 Defined at:
		line 8 in file "usart.c"
 Parameters:    Size  Location     Type
		None
 Auto vars:     Size  Location     Type
		None
 Return value:  Size  Location     Type
		None               void
 Registers used:
		wreg
 Tracked objects:
		On entry : 
		On exit  : 
		Unchanged: 
 Data sizes:     COMMON   BANK0   BANK1   BANK2
      Params:         0       0       0       0
      Locals:         0       0       0       0
      Temps:          0       0       0       0
      Totals:         0       0       0       0
Total ram usage:        0 bytes
 Hardware stack levels used:    1
 Hardware stack levels required when called:    4
 This function calls:
		Nothing
 This function is called by:
		_main
 This function uses a non-reentrant model


 *************** function _init_pwm *****************
 Defined at:
		line 5 in file "pwm.c"
 Parameters:    Size  Location     Type
		None
 Auto vars:     Size  Location     Type
		None
 Return value:  Size  Location     Type
		None               void
 Registers used:
		wreg, status,2, status,0
 Tracked objects:
		On entry : 
		On exit  : 
		Unchanged: 
 Data sizes:     COMMON   BANK0   BANK1   BANK2
      Params:         0       0       0       0
      Locals:         0       0       0       0
      Temps:          0       0       0       0
      Totals:         0       0       0       0
Total ram usage:        0 bytes
 Hardware stack levels used:    1
 Hardware stack levels required when called:    4
 This function calls:
		Nothing
 This function is called by:
		_main
 This function uses a non-reentrant model


 *************** function _init *****************
 Defined at:
		line 80 in file "main.c"
 Parameters:    Size  Location     Type
		None
 Auto vars:     Size  Location     Type
		None
 Return value:  Size  Location     Type
		None               void
 Registers used:
		wreg, status,2
 Tracked objects:
		On entry : 
		On exit  : 
		Unchanged: 
 Data sizes:     COMMON   BANK0   BANK1   BANK2
      Params:         0       0       0       0
      Locals:         0       0       0       0
      Temps:          0       0       0       0
      Totals:         0       0       0       0
Total ram usage:        0 bytes
 Hardware stack levels used:    1
 Hardware stack levels required when called:    4
 This function calls:
		Nothing
 This function is called by:
		_main
 This function uses a non-reentrant model


 *************** function _close_PWM *****************
 Defined at:
		line 60 in file "pwm.c"
 Parameters:    Size  Location     Type
		None
 Auto vars:     Size  Location     Type
		None
 Return value:  Size  Location     Type
		None               void
 Registers used:
		None
 Tracked objects:
		On entry : 
		On exit  : 
		Unchanged: 
 Data sizes:     COMMON   BANK0   BANK1   BANK2
      Params:         0       0       0       0
      Locals:         0       0       0       0
      Temps:          0       0       0       0
      Totals:         0       0       0       0
Total ram usage:        0 bytes
 Hardware stack levels used:    1
 Hardware stack levels required when called:    4
 This function calls:
		Nothing
 This function is called by:
		_main
 This function uses a non-reentrant model


 *************** function _InterruptHandlerLow *****************
 Defined at:
		line 89 in file "main.c"
 Parameters:    Size  Location     Type
		None
 Auto vars:     Size  Location     Type
		None
 Return value:  Size  Location     Type
		None               void
 Registers used:
		wreg, fsr1l, fsr1h, status,2, status,0, pclath, cstack
 Tracked objects:
		On entry : 
		On exit  : 
		Unchanged: 
 Data sizes:     COMMON   BANK0   BANK1   BANK2
      Params:         0       0       0       0
      Locals:         0       0       0       0
      Temps:          2       0       0       0
      Totals:         2       0       0       0
Total ram usage:        2 bytes
 Hardware stack levels used:    1
 Hardware stack levels required when called:    3
 This function calls:
		_get_message
 This function is called by:
		Interrupt level 1
 This function uses a non-reentrant model


 *************** function _get_message *****************
 Defined at:
		line 36 in file "usart.c"
 Parameters:    Size  Location     Type
		None
 Auto vars:     Size  Location     Type
		None
 Return value:  Size  Location     Type
		None               void
 Registers used:
		wreg, fsr1l, fsr1h, status,2, status,0, pclath, cstack
 Tracked objects:
		On entry : 
		On exit  : 
		Unchanged: 
 Data sizes:     COMMON   BANK0   BANK1   BANK2
      Params:         0       0       0       0
      Locals:         0       0       0       0
      Temps:          2       0       0       0
      Totals:         2       0       0       0
Total ram usage:        2 bytes
 Hardware stack levels used:    1
 Hardware stack levels required when called:    2
 This function calls:
		___wmul
		_set_color
 This function is called by:
		_InterruptHandlerLow
 This function uses a non-reentrant model


 *************** function _set_color *****************
 Defined at:
		line 99 in file "pwm.c"
 Parameters:    Size  Location     Type
  color           1    wreg     PTR unsigned int 
		 -> cUART_data_message(10), 
 Auto vars:     Size  Location     Type
  color           1    2[COMMON] PTR unsigned int 
		 -> cUART_data_message(10), 
 Return value:  Size  Location     Type
		None               void
 Registers used:
		wreg, fsr1l, fsr1h, status,2, status,0, pclath, cstack
 Tracked objects:
		On entry : 
		On exit  : 
		Unchanged: 
 Data sizes:     COMMON   BANK0   BANK1   BANK2
      Params:         0       0       0       0
      Locals:         1       0       0       0
      Temps:          0       0       0       0
      Totals:         1       0       0       0
Total ram usage:        1 bytes
 Hardware stack levels used:    1
 Hardware stack levels required when called:    1
 This function calls:
		i1_set_pwmBLUE
		i1_set_pwmGREEN
		i1_set_pwmRED
 This function is called by:
		_get_message
 This function uses a non-reentrant model


 *************** function i1_set_pwmRED *****************
 Defined at:
		line 73 in file "pwm.c"
 Parameters:    Size  Location     Type
  value           2    0[COMMON] unsigned int 
 Auto vars:     Size  Location     Type
		None
 Return value:  Size  Location     Type
		None               void
 Registers used:
		wreg, status,2
 Tracked objects:
		On entry : 
		On exit  : 
		Unchanged: 
 Data sizes:     COMMON   BANK0   BANK1   BANK2
      Params:         2       0       0       0
      Locals:         0       0       0       0
      Temps:          0       0       0       0
      Totals:         2       0       0       0
Total ram usage:        2 bytes
 Hardware stack levels used:    1
 This function calls:
		Nothing
 This function is called by:
		_set_color
 This function uses a non-reentrant model


 *************** function i1_set_pwmGREEN *****************
 Defined at:
		line 81 in file "pwm.c"
 Parameters:    Size  Location     Type
  value           2    0[COMMON] unsigned int 
 Auto vars:     Size  Location     Type
		None
 Return value:  Size  Location     Type
		None               void
 Registers used:
		wreg, status,2
 Tracked objects:
		On entry : 
		On exit  : 
		Unchanged: 
 Data sizes:     COMMON   BANK0   BANK1   BANK2
      Params:         2       0       0       0
      Locals:         0       0       0       0
      Temps:          0       0       0       0
      Totals:         2       0       0       0
Total ram usage:        2 bytes
 Hardware stack levels used:    1
 This function calls:
		Nothing
 This function is called by:
		_set_color
 This function uses a non-reentrant model


 *************** function i1_set_pwmBLUE *****************
 Defined at:
		line 90 in file "pwm.c"
 Parameters:    Size  Location     Type
  value           2    0[COMMON] unsigned int 
 Auto vars:     Size  Location     Type
		None
 Return value:  Size  Location     Type
		None               void
 Registers used:
		wreg, status,2
 Tracked objects:
		On entry : 
		On exit  : 
		Unchanged: 
 Data sizes:     COMMON   BANK0   BANK1   BANK2
      Params:         2       0       0       0
      Locals:         0       0       0       0
      Temps:          0       0       0       0
      Totals:         2       0       0       0
Total ram usage:        2 bytes
 Hardware stack levels used:    1
 This function calls:
		Nothing
 This function is called by:
		_set_color
 This function uses a non-reentrant model


 *************** function ___wmul *****************
 Defined at:
		line 4 in file "/Applications/microchip/xc8/v1.30/sources/common/wmul.c"
 Parameters:    Size  Location     Type
  multiplier      2    0[COMMON] unsigned int 
  multiplicand    2    2[COMMON] unsigned int 
 Auto vars:     Size  Location     Type
  product         2    4[COMMON] unsigned int 
 Return value:  Size  Location     Type
                  2    0[COMMON] unsigned int 
 Registers used:
		wreg, status,2, status,0
 Tracked objects:
		On entry : 
		On exit  : 
		Unchanged: 
 Data sizes:     COMMON   BANK0   BANK1   BANK2
      Params:         4       0       0       0
      Locals:         2       0       0       0
      Temps:          0       0       0       0
      Totals:         6       0       0       0
Total ram usage:        6 bytes
 Hardware stack levels used:    1
 This function calls:
		Nothing
 This function is called by:
		_get_message
 This function uses a non-reentrant model



MODULE INFORMATION

Module		Function		Class		Link	Load	Size
pwm.c
		_set_color     		CODE           	0029	0000	63
		_open_PWM      		CODE           	0152	0000	5
		_close_PWM     		CODE           	0157	0000	5
		_init_pwm      		CODE           	0068	0000	56
		_set_pwmRED    		CODE           	0115	0000	10
		_set_pwmBLUE   		CODE           	0129	0000	10
		_set_pwmGREEN  		CODE           	011F	0000	10

pwm.c estimated size: 159

shared
		i1_set_pwmRED  		CODE           	013D	0000	7
		i1_set_pwmBLUE 		CODE           	014B	0000	7
		i1_set_pwmGREEN		CODE           	0144	0000	7
		__initializatio		CODE           	001B	0000	12

shared estimated size: 33

main.c
		_init          		CODE           	0133	0000	10
		_main          		CODE           	00C7	0000	30
		_InterruptHandl		CODE           	0004	0000	22

main.c estimated size: 62

/Applications/microchip/xc8/v1.30/sources/common/wmul.c
		___wmul        		CODE           	00E5	0000	29

/Applications/microchip/xc8/v1.30/sources/common/wmul.c estimated size: 29

usart.c
		_get_message   		CODE           	00A0	0000	39
		_init_uart     		CODE           	0102	0000	19

usart.c estimated size: 58

